------------------------------------------------------------
Timing Analyzer Summary
------------------------------------------------------------

Type  : Slow 1200mV 85C Model Setup 'f50'
Slack : -4.400
TNS   : -50.150

Type  : Slow 1200mV 85C Model Setup 'freqdivider:u1|ck'
Slack : -0.169
TNS   : -0.338

Type  : Slow 1200mV 85C Model Hold 'freqdivider:u1|ck'
Slack : 0.347
TNS   : 0.000

Type  : Slow 1200mV 85C Model Hold 'f50'
Slack : 0.632
TNS   : 0.000

Type  : Slow 1200mV 85C Model Minimum Pulse Width 'f50'
Slack : -3.000
TNS   : -39.478

Type  : Slow 1200mV 85C Model Minimum Pulse Width 'freqdivider:u1|ck'
Slack : -1.403
TNS   : -5.612

Type  : Slow 1200mV 0C Model Setup 'f50'
Slack : -4.026
TNS   : -43.717

Type  : Slow 1200mV 0C Model Setup 'freqdivider:u1|ck'
Slack : -0.069
TNS   : -0.138

Type  : Slow 1200mV 0C Model Hold 'freqdivider:u1|ck'
Slack : 0.311
TNS   : 0.000

Type  : Slow 1200mV 0C Model Hold 'f50'
Slack : 0.585
TNS   : 0.000

Type  : Slow 1200mV 0C Model Minimum Pulse Width 'f50'
Slack : -3.000
TNS   : -39.478

Type  : Slow 1200mV 0C Model Minimum Pulse Width 'freqdivider:u1|ck'
Slack : -1.403
TNS   : -5.612

Type  : Fast 1200mV 0C Model Setup 'f50'
Slack : -1.371
TNS   : -7.624

Type  : Fast 1200mV 0C Model Setup 'freqdivider:u1|ck'
Slack : 0.498
TNS   : 0.000

Type  : Fast 1200mV 0C Model Hold 'freqdivider:u1|ck'
Slack : 0.151
TNS   : 0.000

Type  : Fast 1200mV 0C Model Hold 'f50'
Slack : 0.244
TNS   : 0.000

Type  : Fast 1200mV 0C Model Minimum Pulse Width 'f50'
Slack : -3.000
TNS   : -29.936

Type  : Fast 1200mV 0C Model Minimum Pulse Width 'freqdivider:u1|ck'
Slack : -1.000
TNS   : -4.000

------------------------------------------------------------
